matches the snapshot:
  1: |
    apiVersion: external-secrets.io/v1
    kind: ExternalSecret
    metadata:
      name: RELEASE-NAME-keycloak-admin
      namespace: openmfp-system
    spec:
      data:
        - remoteRef:
            conversionStrategy: Default
            key: null
            property: password
          secretKey: secret
      refreshInterval: 10m
      secretStoreRef:
        kind: SecretStore
        name: environment-store
      target:
        creationPolicy: Owner
        deletionPolicy: Retain
        name: keycloak-admin
  2: |
    apiVersion: external-secrets.io/v1
    kind: ExternalSecret
    metadata:
      name: RELEASE-NAME-keycloak-postgres
      namespace: openmfp-system
    spec:
      data:
        - remoteRef:
            conversionStrategy: Default
            key: null
            property: password
          secretKey: password
      refreshInterval: 10m
      secretStoreRef:
        kind: SecretStore
        name: environment-store
      target:
        creationPolicy: Owner
        deletionPolicy: Retain
        name: postgres-admin-password
